.\gradlew : 
At line:1 char:1
+ .\gradlew 
assembleDebug 
--stacktrace > 
build_output.txt 
2>&1
+ ~~~~~~~~~~~~~~~~~
~~~~~~~~~~~~~~~~~~~
~~~~~~~~~~~~~~~~~~~
~~~~~
    + CategoryInfo 
             : No  
  tSpecified: (:   
 String) [], Re    
moteException
    + FullyQualifi 
   edErrorId : Na  
  tiveCommandErr   
 or
 
FAILURE: Build 
failed with an 
exception.

* What went wrong:
25.0.2

* Try:
> Run with --info 
or --debug option 
to get more log 
output.
> Run with --scan 
to get full 
insights.
> Get more help at 
https://help.gradle
.org.

* Exception is:
java.lang.IllegalAr
gumentException: 
25.0.2
	at org.jetbrains.k
otlin.com.intellij.
util.lang.JavaVersi
on.parse(JavaVersio
n.java:307)
	at org.jetbrains.k
otlin.com.intellij.
util.lang.JavaVersi
on.current(JavaVers
ion.java:176)
	at org.jetbrains.k
otlin.cli.jvm.modul
es.JavaVersionUtils
Kt.isAtLeastJava9(j
avaVersionUtils.kt:
11)
	at org.jetbrains.k
otlin.cli.jvm.modul
es.CoreJrtFileSyste
m.globalJrtFsCache$
lambda$2(CoreJrtFil
eSystem.kt:83)
	at org.jetbrains.k
otlin.cli.jvm.modul
es.CoreJrtFileSyste
m.globalJrtFsCache$
lambda$3(CoreJrtFil
eSystem.kt:74)
	at org.jetbrains.k
otlin.com.intellij.
util.containers.Con
currentFactoryMap$2
.create(ConcurrentF
actoryMap.java:174)
	at org.jetbrains.k
otlin.com.intellij.
util.containers.Con
currentFactoryMap.g
et(ConcurrentFactor
yMap.java:40)
	at org.jetbrains.k
otlin.cli.jvm.modul
es.CoreJrtFileSyste
m.roots$lambda$0(Co
reJrtFileSystem.kt:
34)
	at org.jetbrains.k
otlin.cli.jvm.modul
es.CoreJrtFileSyste
m.roots$lambda$1(Co
reJrtFileSystem.kt:
33)
	at org.jetbrains.k
otlin.com.intellij.
util.containers.Con
currentFactoryMap$2
.create(ConcurrentF
actoryMap.java:174)
	at org.jetbrains.k
otlin.com.intellij.
util.containers.Con
currentFactoryMap.g
et(ConcurrentFactor
yMap.java:40)
	at org.jetbrains.k
otlin.cli.jvm.modul
es.CoreJrtFileSyste
m.findFileByPath(Co
reJrtFileSystem.kt:
42)
	at org.jetbrains.k
otlin.cli.jvm.modul
es.CliJavaModuleFin
der.<init>(CliJavaM
oduleFinder.kt:44)
	at org.jetbrains.k
otlin.cli.jvm.compi
ler.KotlinCoreEnvir
onment.<init>(Kotli
nCoreEnvironment.kt
:243)
	at org.jetbrains.k
otlin.cli.jvm.compi
ler.KotlinCoreEnvir
onment.<init>(Kotli
nCoreEnvironment.kt
)
	at org.jetbrains.k
otlin.cli.jvm.compi
ler.KotlinCoreEnvir
onment$Companion.cr
eateForProduction(K
otlinCoreEnvironmen
t.kt:468)
	at org.gradle.kotl
in.dsl.support.Kotl
inCompilerKt$kotlin
CoreEnvironmentFor$
1.create(KotlinComp
iler.kt:514)
	at org.gradle.kotl
in.dsl.support.Kotl
inCompilerKt$kotlin
CoreEnvironmentFor$
1.create(KotlinComp
iler.kt:510)
	at org.gradle.inte
rnal.SystemProperti
es.withSystemProper
ty(SystemProperties
.java:123)
	at org.gradle.kotl
in.dsl.support.Kotl
inCompilerKt.kotlin
CoreEnvironmentFor(
KotlinCompiler.kt:5
10)
	at org.gradle.kotl
in.dsl.support.Kotl
inCompilerKt.compil
eKotlinScriptModule
To(KotlinCompiler.k
t:231)
	at org.gradle.kotl
in.dsl.support.Kotl
inCompilerKt.compil
eKotlinScriptToDire
ctory(KotlinCompile
r.kt:198)
	at org.gradle.kotl
in.dsl.execution.Re
sidualProgramCompil
er$compileScript$1.
invoke(ResidualProg
ramCompiler.kt:713)
	at org.gradle.kotl
in.dsl.execution.Re
sidualProgramCompil
er$compileScript$1.
invoke(ResidualProg
ramCompiler.kt:712)
	at org.gradle.kotl
in.dsl.provider.Sta
ndardKotlinScriptEv
aluator$Interpreter
Host$runCompileBuil
dOperation$1.call(K
otlinScriptEvaluato
r.kt:209)
	at org.gradle.kotl
in.dsl.provider.Sta
ndardKotlinScriptEv
aluator$Interpreter
Host$runCompileBuil
dOperation$1.call(K
otlinScriptEvaluato
r.kt:206)
	at org.gradle.inte
rnal.operations.Def
aultBuildOperationR
unner$CallableBuild
OperationWorker.exe
cute(DefaultBuildOp
erationRunner.java:
210)
	at org.gradle.inte
rnal.operations.Def
aultBuildOperationR
unner$CallableBuild
OperationWorker.exe
cute(DefaultBuildOp
erationRunner.java:
205)
	at org.gradle.inte
rnal.operations.Def
aultBuildOperationR
unner$2.execute(Def
aultBuildOperationR
unner.java:67)
	at org.gradle.inte
rnal.operations.Def
aultBuildOperationR
unner$2.execute(Def
aultBuildOperationR
unner.java:60)
	at org.gradle.inte
rnal.operations.Def
aultBuildOperationR
unner.execute(Defau
ltBuildOperationRun
ner.java:167)
	at org.gradle.inte
rnal.operations.Def
aultBuildOperationR
unner.execute(Defau
ltBuildOperationRun
ner.java:60)
	at org.gradle.inte
rnal.operations.Def
aultBuildOperationR
unner.call(DefaultB
uildOperationRunner
.java:54)
	at org.gradle.kotl
in.dsl.provider.Sta
ndardKotlinScriptEv
aluator$Interpreter
Host.runCompileBuil
dOperation(KotlinSc
riptEvaluator.kt:20
6)
	at org.gradle.kotl
in.dsl.execution.In
terpreter$compile$1
$1$1$1.invoke(Inter
preter.kt:334)
	at org.gradle.kotl
in.dsl.execution.In
terpreter$compile$1
$1$1$1.invoke(Inter
preter.kt:334)
	at org.gradle.kotl
in.dsl.execution.Re
sidualProgramCompil
er.compileScript-C5
AE47M(ResidualProgr
amCompiler.kt:712)
	at org.gradle.kotl
in.dsl.execution.Re
sidualProgramCompil
er.compileStage1-Ef
yMToc(ResidualProgr
amCompiler.kt:695)
	at org.gradle.kotl
in.dsl.execution.Re
sidualProgramCompil
er.emitStage1Sequen
ce(ResidualProgramC
ompiler.kt:247)
	at org.gradle.kotl
in.dsl.execution.Re
sidualProgramCompil
er.emitStage1Sequen
ce(ResidualProgramC
ompiler.kt:238)
	at org.gradle.kotl
in.dsl.execution.Re
sidualProgramCompil
er.emit(ResidualPro
gramCompiler.kt:198
)
	at org.gradle.kotl
in.dsl.execution.Re
sidualProgramCompil
er.emit(ResidualPro
gramCompiler.kt:182
)
	at org.gradle.kotl
in.dsl.execution.Re
sidualProgramCompil
er.access$emit(Resi
dualProgramCompiler
.kt:83)
	at org.gradle.kotl
in.dsl.execution.Re
sidualProgramCompil
er$emitDynamicProgr
am$1$1.invoke(Resid
ualProgramCompiler.
kt:123)
	at org.gradle.kotl
in.dsl.execution.Re
sidualProgramCompil
er$emitDynamicProgr
am$1$1.invoke(Resid
ualProgramCompiler.
kt:121)
	at org.gradle.kotl
in.dsl.execution.Re
sidualProgramCompil
er$overrideExecute$
1.invoke(ResidualPr
ogramCompiler.kt:54
8)
	at org.gradle.kotl
in.dsl.execution.Re
sidualProgramCompil
er$overrideExecute$
1.invoke(ResidualPr
ogramCompiler.kt:54
7)
	at org.gradle.kotl
in.dsl.support.byte
code.AsmExtensionsK
t.method(AsmExtensi
ons.kt:133)
	at org.gradle.kotl
in.dsl.support.byte
code.AsmExtensionsK
t.publicMethod(AsmE
xtensions.kt:116)
	at org.gradle.kotl
in.dsl.support.byte
code.AsmExtensionsK
t.publicMethod$defa
ult(AsmExtensions.k
t:108)
	at org.gradle.kotl
in.dsl.execution.Re
sidualProgramCompil
er.overrideExecute(
ResidualProgramComp
iler.kt:547)
	at org.gradle.kotl
in.dsl.execution.Re
sidualProgramCompil
er.access$overrideE
xecute(ResidualProg
ramCompiler.kt:83)
	at org.gradle.kotl
in.dsl.execution.Re
sidualProgramCompil
er$emitDynamicProgr
am$1.invoke(Residua
lProgramCompiler.kt
:121)
	at org.gradle.kotl
in.dsl.execution.Re
sidualProgramCompil
er$emitDynamicProgr
am$1.invoke(Residua
lProgramCompiler.kt
:119)
	at org.gradle.kotl
in.dsl.execution.Re
sidualProgramCompil
er$program$3.invoke
(ResidualProgramCom
piler.kt:673)
	at org.gradle.kotl
in.dsl.execution.Re
sidualProgramCompil
er$program$3.invoke
(ResidualProgramCom
piler.kt:671)
	at org.gradle.kotl
in.dsl.support.byte
code.AsmExtensionsK
t.publicClass-7y5yv
vE(AsmExtensions.kt
:41)
	at org.gradle.kotl
in.dsl.execution.Re
sidualProgramCompil
er.program-5oOsWEo(
ResidualProgramComp
iler.kt:671)
	at org.gradle.kotl
in.dsl.execution.Re
sidualProgramCompil
er.access$program-5
oOsWEo(ResidualProg
ramCompiler.kt:83)
	at org.gradle.kotl
in.dsl.execution.Re
sidualProgramCompil
er.emitDynamicProgr
am(ResidualProgramC
ompiler.kt:798)
	at org.gradle.kotl
in.dsl.execution.Re
sidualProgramCompil
er.compile(Residual
ProgramCompiler.kt:
102)
	at org.gradle.kotl
in.dsl.execution.In
terpreter$compile$1
.invoke(Interpreter
.kt:337)
	at org.gradle.kotl
in.dsl.execution.In
terpreter$compile$1
.invoke(Interpreter
.kt:301)
	at org.gradle.kotl
in.dsl.provider.Sta
ndardKotlinScriptEv
aluator$KotlinScrip
tCompilationAndInst
rumentation.compile
(KotlinScriptEvalua
tor.kt:440)
	at org.gradle.inte
rnal.scripts.BuildS
criptCompilationAnd
Instrumentation.exe
cute(BuildScriptCom
pilationAndInstrume
ntation.java:136)
	at org.gradle.inte
rnal.execution.step
s.ExecuteStep.execu
teInternal(ExecuteS
tep.java:105)
	at org.gradle.inte
rnal.execution.step
s.ExecuteStep.acces
s$000(ExecuteStep.j
ava:44)
	at org.gradle.inte
rnal.execution.step
s.ExecuteStep$1.cal
l(ExecuteStep.java:
59)
	at org.gradle.inte
rnal.execution.step
s.ExecuteStep$1.cal
l(ExecuteStep.java:
56)
	at org.gradle.inte
rnal.operations.Def
aultBuildOperationR
unner$CallableBuild
OperationWorker.exe
cute(DefaultBuildOp
erationRunner.java:
210)
	at org.gradle.inte
rnal.operations.Def
aultBuildOperationR
unner$CallableBuild
OperationWorker.exe
cute(DefaultBuildOp
erationRunner.java:
205)
	at org.gradle.inte
rnal.operations.Def
aultBuildOperationR
unner$2.execute(Def
aultBuildOperationR
unner.java:67)
	at org.gradle.inte
rnal.operations.Def
aultBuildOperationR
unner$2.execute(Def
aultBuildOperationR
unner.java:60)
	at org.gradle.inte
rnal.operations.Def
aultBuildOperationR
unner.execute(Defau
ltBuildOperationRun
ner.java:167)
	at org.gradle.inte
rnal.operations.Def
aultBuildOperationR
unner.execute(Defau
ltBuildOperationRun
ner.java:60)
	at org.gradle.inte
rnal.operations.Def
aultBuildOperationR
unner.call(DefaultB
uildOperationRunner
.java:54)
	at org.gradle.inte
rnal.execution.step
s.ExecuteStep.execu
te(ExecuteStep.java
:56)
	at org.gradle.inte
rnal.execution.step
s.ExecuteStep.execu
te(ExecuteStep.java
:44)
	at org.gradle.inte
rnal.execution.step
s.CancelExecutionSt
ep.execute(CancelEx
ecutionStep.java:42
)
	at org.gradle.inte
rnal.execution.step
s.TimeoutStep.execu
teWithoutTimeout(Ti
meoutStep.java:75)
	at org.gradle.inte
rnal.execution.step
s.TimeoutStep.execu
te(TimeoutStep.java
:55)
	at org.gradle.inte
rnal.execution.step
s.PreCreateOutputPa
rentsStep.execute(P
reCreateOutputParen
tsStep.java:50)
	at org.gradle.inte
rnal.execution.step
s.PreCreateOutputPa
rentsStep.execute(P
reCreateOutputParen
tsStep.java:28)
	at org.gradle.inte
rnal.execution.step
s.BroadcastChanging
OutputsStep.execute
(BroadcastChangingO
utputsStep.java:61)
	at org.gradle.inte
rnal.execution.step
s.BroadcastChanging
OutputsStep.execute
(BroadcastChangingO
utputsStep.java:26)
	at org.gradle.inte
rnal.execution.step
s.NoInputChangesSte
p.execute(NoInputCh
angesStep.java:30)
	at org.gradle.inte
rnal.execution.step
s.NoInputChangesSte
p.execute(NoInputCh
angesStep.java:21)
	at org.gradle.inte
rnal.execution.step
s.CaptureOutputsAft
erExecutionStep.exe
cute(CaptureOutputs
AfterExecutionStep.
java:69)
	at org.gradle.inte
rnal.execution.step
s.CaptureOutputsAft
erExecutionStep.exe
cute(CaptureOutputs
AfterExecutionStep.
java:46)
	at org.gradle.inte
rnal.execution.step
s.BuildCacheStep.ex
ecuteWithoutCache(B
uildCacheStep.java:
189)
	at org.gradle.inte
rnal.execution.step
s.BuildCacheStep.la
mbda$execute$1(Buil
dCacheStep.java:75)
	at org.gradle.inte
rnal.Either$Right.f
old(Either.java:175
)
	at org.gradle.inte
rnal.execution.cach
ing.CachingState.fo
ld(CachingState.jav
a:62)
	at org.gradle.inte
rnal.execution.step
s.BuildCacheStep.ex
ecute(BuildCacheSte
p.java:73)
	at org.gradle.inte
rnal.execution.step
s.BuildCacheStep.ex
ecute(BuildCacheSte
p.java:48)
	at org.gradle.inte
rnal.execution.step
s.NeverUpToDateStep
.execute(NeverUpToD
ateStep.java:34)
	at org.gradle.inte
rnal.execution.step
s.NeverUpToDateStep
.execute(NeverUpToD
ateStep.java:22)
	at org.gradle.inte
rnal.execution.step
s.legacy.MarkSnapsh
ottingInputsFinishe
dStep.execute(MarkS
napshottingInputsFi
nishedStep.java:37)
	at org.gradle.inte
rnal.execution.step
s.legacy.MarkSnapsh
ottingInputsFinishe
dStep.execute(MarkS
napshottingInputsFi
nishedStep.java:27)
	at org.gradle.inte
rnal.execution.step
s.ResolveNonIncreme
ntalCachingStateSte
p.executeDelegate(R
esolveNonIncrementa
lCachingStateStep.j
ava:50)
	at org.gradle.inte
rnal.execution.step
s.AbstractResolveCa
chingStateStep.exec
ute(AbstractResolve
CachingStateStep.ja
va:71)
	at org.gradle.inte
rnal.execution.step
s.AbstractResolveCa
chingStateStep.exec
ute(AbstractResolve
CachingStateStep.ja
va:39)
	at org.gradle.inte
rnal.execution.step
s.ValidateStep.exec
ute(ValidateStep.ja
va:107)
	at org.gradle.inte
rnal.execution.step
s.ValidateStep.exec
ute(ValidateStep.ja
va:56)
	at org.gradle.inte
rnal.execution.step
s.AbstractCaptureSt
ateBeforeExecutionS
tep.execute(Abstrac
tCaptureStateBefore
ExecutionStep.java:
64)
	at org.gradle.inte
rnal.execution.step
s.AbstractCaptureSt
ateBeforeExecutionS
tep.execute(Abstrac
tCaptureStateBefore
ExecutionStep.java:
43)
	at org.gradle.inte
rnal.execution.step
s.legacy.MarkSnapsh
ottingInputsStarted
Step.execute(MarkSn
apshottingInputsSta
rtedStep.java:38)
	at org.gradle.inte
rnal.execution.step
s.AssignImmutableWo
rkspaceStep.lambda$
executeInTemporaryW
orkspace$3(AssignIm
mutableWorkspaceSte
p.java:209)
	at org.gradle.inte
rnal.execution.work
space.impl.CacheBas
edImmutableWorkspac
eProvider$1.withTem
poraryWorkspace(Cac
heBasedImmutableWor
kspaceProvider.java
:116)
	at org.gradle.inte
rnal.execution.step
s.AssignImmutableWo
rkspaceStep.execute
InTemporaryWorkspac
e(AssignImmutableWo
rkspaceStep.java:19
9)
	at org.gradle.inte
rnal.execution.step
s.AssignImmutableWo
rkspaceStep.lambda$
execute$0(AssignImm
utableWorkspaceStep
.java:121)
	at org.gradle.inte
rnal.execution.step
s.AssignImmutableWo
rkspaceStep.execute
(AssignImmutableWor
kspaceStep.java:121
)
	at org.gradle.inte
rnal.execution.step
s.AssignImmutableWo
rkspaceStep.execute
(AssignImmutableWor
kspaceStep.java:90)
	at org.gradle.inte
rnal.execution.step
s.ChoosePipelineSte
p.execute(ChoosePip
elineStep.java:38)
	at org.gradle.inte
rnal.execution.step
s.ChoosePipelineSte
p.execute(ChoosePip
elineStep.java:23)
	at org.gradle.inte
rnal.execution.step
s.ExecuteWorkBuildO
perationFiringStep.
lambda$execute$2(Ex
ecuteWorkBuildOpera
tionFiringStep.java
:67)
	at org.gradle.inte
rnal.execution.step
s.ExecuteWorkBuildO
perationFiringStep.
execute(ExecuteWork
BuildOperationFirin
gStep.java:67)
	at org.gradle.inte
rnal.execution.step
s.ExecuteWorkBuildO
perationFiringStep.
execute(ExecuteWork
BuildOperationFirin
gStep.java:39)
	at org.gradle.inte
rnal.execution.step
s.IdentityCacheStep
.execute(IdentityCa
cheStep.java:46)
	at org.gradle.inte
rnal.execution.step
s.IdentityCacheStep
.execute(IdentityCa
cheStep.java:34)
	at org.gradle.inte
rnal.execution.step
s.IdentifyStep.exec
ute(IdentifyStep.ja
va:48)
	at org.gradle.inte
rnal.execution.step
s.IdentifyStep.exec
ute(IdentifyStep.ja
va:35)
	at org.gradle.inte
rnal.execution.impl
.DefaultExecutionEn
gine$1.execute(Defa
ultExecutionEngine.
java:61)
	at org.gradle.kotl
in.dsl.provider.Sta
ndardKotlinScriptEv
aluator$Interpreter
Host.cachedDirFor(K
otlinScriptEvaluato
r.kt:304)
	at org.gradle.kotl
in.dsl.execution.In
terpreter.compile(I
nterpreter.kt:301)
	at org.gradle.kotl
in.dsl.execution.In
terpreter.emitSpeci
alizedProgramFor(In
terpreter.kt:267)
	at org.gradle.kotl
in.dsl.execution.In
terpreter.eval(Inte
rpreter.kt:199)
	at org.gradle.kotl
in.dsl.provider.Sta
ndardKotlinScriptEv
aluator.evaluate(Ko
tlinScriptEvaluator
.kt:133)
	at org.gradle.kotl
in.dsl.provider.Kot
linScriptPluginFact
ory$create$1.invoke
(KotlinScriptPlugin
Factory.kt:61)
	at org.gradle.kotl
in.dsl.provider.Kot
linScriptPluginFact
ory$create$1.invoke
(KotlinScriptPlugin
Factory.kt:52)
	at org.gradle.kotl
in.dsl.provider.Kot
linScriptPlugin.app
ly(KotlinScriptPlug
in.kt:35)
	at org.gradle.conf
iguration.BuildOper
ationScriptPlugin$1
.run(BuildOperation
ScriptPlugin.java:6
8)
	at org.gradle.inte
rnal.operations.Def
aultBuildOperationR
unner$1.execute(Def
aultBuildOperationR
unner.java:30)
	at org.gradle.inte
rnal.operations.Def
aultBuildOperationR
unner$1.execute(Def
aultBuildOperationR
unner.java:27)
	at org.gradle.inte
rnal.operations.Def
aultBuildOperationR
unner$2.execute(Def
aultBuildOperationR
unner.java:67)
	at org.gradle.inte
rnal.operations.Def
aultBuildOperationR
unner$2.execute(Def
aultBuildOperationR
unner.java:60)
	at org.gradle.inte
rnal.operations.Def
aultBuildOperationR
unner.execute(Defau
ltBuildOperationRun
ner.java:167)
	at org.gradle.inte
rnal.operations.Def
aultBuildOperationR
unner.execute(Defau
ltBuildOperationRun
ner.java:60)
	at org.gradle.inte
rnal.operations.Def
aultBuildOperationR
unner.run(DefaultBu
ildOperationRunner.
java:48)
	at org.gradle.conf
iguration.BuildOper
ationScriptPlugin.l
ambda$apply$0(Build
OperationScriptPlug
in.java:65)
	at org.gradle.inte
rnal.code.DefaultUs
erCodeApplicationCo
ntext.apply(Default
UserCodeApplication
Context.java:44)
	at org.gradle.conf
iguration.BuildOper
ationScriptPlugin.a
pply(BuildOperation
ScriptPlugin.java:6
5)
	at org.gradle.init
ialization.ScriptEv
aluatingSettingsPro
cessor.applySetting
sScript(ScriptEvalu
atingSettingsProces
sor.java:75)
	at org.gradle.init
ialization.ScriptEv
aluatingSettingsPro
cessor.process(Scri
ptEvaluatingSetting
sProcessor.java:68)
	at org.gradle.init
ialization.Settings
EvaluatedCallbackFi
ringSettingsProcess
or.process(Settings
EvaluatedCallbackFi
ringSettingsProcess
or.java:34)
	at org.gradle.init
ialization.RootBuil
dCacheControllerSet
tingsProcessor.proc
ess(RootBuildCacheC
ontrollerSettingsPr
ocessor.java:47)
	at org.gradle.init
ialization.BuildOpe
rationSettingsProce
ssor$2.call(BuildOp
erationSettingsProc
essor.java:49)
	at org.gradle.init
ialization.BuildOpe
rationSettingsProce
ssor$2.call(BuildOp
erationSettingsProc
essor.java:46)
	at org.gradle.inte
rnal.operations.Def
aultBuildOperationR
unner$CallableBuild
OperationWorker.exe
cute(DefaultBuildOp
erationRunner.java:
210)
	at org.gradle.inte
rnal.operations.Def
aultBuildOperationR
unner$CallableBuild
OperationWorker.exe
cute(DefaultBuildOp
erationRunner.java:
205)
	at org.gradle.inte
rnal.operations.Def
aultBuildOperationR
unner$2.execute(Def
aultBuildOperationR
unner.java:67)
	at org.gradle.inte
rnal.operations.Def
aultBuildOperationR
unner$2.execute(Def
aultBuildOperationR
unner.java:60)
	at org.gradle.inte
rnal.operations.Def
aultBuildOperationR
unner.execute(Defau
ltBuildOperationRun
ner.java:167)
	at org.gradle.inte
rnal.operations.Def
aultBuildOperationR
unner.execute(Defau
ltBuildOperationRun
ner.java:60)
	at org.gradle.inte
rnal.operations.Def
aultBuildOperationR
unner.call(DefaultB
uildOperationRunner
.java:54)
	at org.gradle.init
ialization.BuildOpe
rationSettingsProce
ssor.process(BuildO
perationSettingsPro
cessor.java:46)
	at org.gradle.init
ialization.DefaultS
ettingsLoader.findS
ettingsAndLoadIfApp
ropriate(DefaultSet
tingsLoader.java:18
3)
	at org.gradle.init
ialization.DefaultS
ettingsLoader.findA
ndLoadSettings(Defa
ultSettingsLoader.j
ava:86)
	at org.gradle.init
ialization.Settings
AttachingSettingsLo
ader.findAndLoadSet
tings(SettingsAttac
hingSettingsLoader.
java:33)
	at org.gradle.inte
rnal.composite.Comm
andLineIncludedBuil
dSettingsLoader.fin
dAndLoadSettings(Co
mmandLineIncludedBu
ildSettingsLoader.j
ava:35)
	at org.gradle.inte
rnal.composite.Chil
dBuildRegisteringSe
ttingsLoader.findAn
dLoadSettings(Child
BuildRegisteringSet
tingsLoader.java:44
)
	at org.gradle.inte
rnal.composite.Comp
ositeBuildSettingsL
oader.findAndLoadSe
ttings(CompositeBui
ldSettingsLoader.ja
va:35)
	at org.gradle.init
ialization.InitScri
ptHandlingSettingsL
oader.findAndLoadSe
ttings(InitScriptHa
ndlingSettingsLoade
r.java:33)
	at org.gradle.api.
internal.initializa
tion.CacheConfigura
tionsHandlingSettin
gsLoader.findAndLoa
dSettings(CacheConf
igurationsHandlingS
ettingsLoader.java:
36)
	at org.gradle.init
ialization.GradlePr
opertiesHandlingSet
tingsLoader.findAnd
LoadSettings(Gradle
PropertiesHandlingS
ettingsLoader.java:
38)
	at org.gradle.init
ialization.DefaultS
ettingsPreparer.pre
pareSettings(Defaul
tSettingsPreparer.j
ava:31)
	at org.gradle.init
ialization.BuildOpe
rationFiringSetting
sPreparer$LoadBuild
.doLoadBuild(BuildO
perationFiringSetti
ngsPreparer.java:71
)
	at org.gradle.init
ialization.BuildOpe
rationFiringSetting
sPreparer$LoadBuild
.run(BuildOperation
FiringSettingsPrepa
rer.java:66)
	at org.gradle.inte
rnal.operations.Def
aultBuildOperationR
unner$1.execute(Def
aultBuildOperationR
unner.java:30)
	at org.gradle.inte
rnal.operations.Def
aultBuildOperationR
unner$1.execute(Def
aultBuildOperationR
unner.java:27)
	at org.gradle.inte
rnal.operations.Def
aultBuildOperationR
unner$2.execute(Def
aultBuildOperationR
unner.java:67)
	at org.gradle.inte
rnal.operations.Def
aultBuildOperationR
unner$2.execute(Def
aultBuildOperationR
unner.java:60)
	at org.gradle.inte
rnal.operations.Def
aultBuildOperationR
unner.execute(Defau
ltBuildOperationRun
ner.java:167)
	at org.gradle.inte
rnal.operations.Def
aultBuildOperationR
unner.execute(Defau
ltBuildOperationRun
ner.java:60)
	at org.gradle.inte
rnal.operations.Def
aultBuildOperationR
unner.run(DefaultBu
ildOperationRunner.
java:48)
	at org.gradle.init
ialization.BuildOpe
rationFiringSetting
sPreparer.prepareSe
ttings(BuildOperati
onFiringSettingsPre
parer.java:54)
	at org.gradle.init
ialization.VintageB
uildModelController
.lambda$prepareSett
ings$1(VintageBuild
ModelController.jav
a:80)
	at org.gradle.inte
rnal.model.StateTra
nsitionController.l
ambda$doTransition$
14(StateTransitionC
ontroller.java:255)
	at org.gradle.inte
rnal.model.StateTra
nsitionController.d
oTransition(StateTr
ansitionController.
java:266)
	at org.gradle.inte
rnal.model.StateTra
nsitionController.d
oTransition(StateTr
ansitionController.
java:254)
	at org.gradle.inte
rnal.model.StateTra
nsitionController.l
ambda$transitionIfN
otPreviously$11(Sta
teTransitionControl
ler.java:213)
	at org.gradle.inte
rnal.work.DefaultSy
nchronizer.withLock
(DefaultSynchronize
r.java:36)
	at org.gradle.inte
rnal.model.StateTra
nsitionController.t
ransitionIfNotPrevi
ously(StateTransiti
onController.java:2
09)
	at org.gradle.init
ialization.VintageB
uildModelController
.prepareSettings(Vi
ntageBuildModelCont
roller.java:80)
	at org.gradle.init
ialization.VintageB
uildModelController
.prepareToScheduleT
asks(VintageBuildMo
delController.java:
70)
	at org.gradle.inte
rnal.build.DefaultB
uildLifecycleContro
ller.lambda$prepare
ToScheduleTasks$6(D
efaultBuildLifecycl
eController.java:17
5)
	at org.gradle.inte
rnal.model.StateTra
nsitionController.l
ambda$doTransition$
14(StateTransitionC
ontroller.java:255)
	at org.gradle.inte
rnal.model.StateTra
nsitionController.d
oTransition(StateTr
ansitionController.
java:266)
	at org.gradle.inte
rnal.model.StateTra
nsitionController.d
oTransition(StateTr
ansitionController.
java:254)
	at org.gradle.inte
rnal.model.StateTra
nsitionController.l
ambda$maybeTransiti
on$9(StateTransitio
nController.java:19
0)
	at org.gradle.inte
rnal.work.DefaultSy
nchronizer.withLock
(DefaultSynchronize
r.java:36)
	at org.gradle.inte
rnal.model.StateTra
nsitionController.m
aybeTransition(Stat
eTransitionControll
er.java:186)
	at org.gradle.inte
rnal.build.DefaultB
uildLifecycleContro
ller.prepareToSched
uleTasks(DefaultBui
ldLifecycleControll
er.java:173)
	at org.gradle.inte
rnal.buildtree.Defa
ultBuildTreeWorkPre
parer.scheduleReque
stedTasks(DefaultBu
ildTreeWorkPreparer
.java:36)
	at org.gradle.inte
rnal.cc.impl.Vintag
eBuildTreeWorkContr
oller$scheduleAndRu
nRequestedTasks$1.a
pply(VintageBuildTr
eeWorkController.kt
:36)
	at org.gradle.inte
rnal.cc.impl.Vintag
eBuildTreeWorkContr
oller$scheduleAndRu
nRequestedTasks$1.a
pply(VintageBuildTr
eeWorkController.kt
:35)
	at org.gradle.comp
osite.internal.Defa
ultIncludedBuildTas
kGraph.withNewWorkG
raph(DefaultInclude
dBuildTaskGraph.jav
a:112)
	at org.gradle.inte
rnal.cc.impl.Vintag
eBuildTreeWorkContr
oller.scheduleAndRu
nRequestedTasks(Vin
tageBuildTreeWorkCo
ntroller.kt:35)
	at org.gradle.inte
rnal.buildtree.Defa
ultBuildTreeLifecyc
leController.lambda
$scheduleAndRunTask
s$1(DefaultBuildTre
eLifecycleControlle
r.java:77)
	at org.gradle.inte
rnal.buildtree.Defa
ultBuildTreeLifecyc
leController.lambda
$runBuild$4(Default
BuildTreeLifecycleC
ontroller.java:120)
	at org.gradle.inte
rnal.model.StateTra
nsitionController.l
ambda$transition$6(
StateTransitionCont
roller.java:169)
	at org.gradle.inte
rnal.model.StateTra
nsitionController.d
oTransition(StateTr
ansitionController.
java:266)
	at org.gradle.inte
rnal.model.StateTra
nsitionController.l
ambda$transition$7(
StateTransitionCont
roller.java:169)
	at org.gradle.inte
rnal.work.DefaultSy
nchronizer.withLock
(DefaultSynchronize
r.java:46)
	at org.gradle.inte
rnal.model.StateTra
nsitionController.t
ransition(StateTran
sitionController.ja
va:169)
	at org.gradle.inte
rnal.buildtree.Defa
ultBuildTreeLifecyc
leController.runBui
ld(DefaultBuildTree
LifecycleController
.java:117)
	at org.gradle.inte
rnal.buildtree.Defa
ultBuildTreeLifecyc
leController.schedu
leAndRunTasks(Defau
ltBuildTreeLifecycl
eController.java:77
)
	at org.gradle.inte
rnal.buildtree.Defa
ultBuildTreeLifecyc
leController.schedu
leAndRunTasks(Defau
ltBuildTreeLifecycl
eController.java:72
)
	at org.gradle.tool
ing.internal.provid
er.ExecuteBuildActi
onRunner.run(Execut
eBuildActionRunner.
java:31)
	at org.gradle.laun
cher.exec.ChainingB
uildActionRunner.ru
n(ChainingBuildActi
onRunner.java:35)
	at org.gradle.inte
rnal.buildtree.Prob
lemReportingBuildAc
tionRunner.run(Prob
lemReportingBuildAc
tionRunner.java:49)
	at org.gradle.laun
cher.exec.BuildOutc
omeReportingBuildAc
tionRunner.run(Buil
dOutcomeReportingBu
ildActionRunner.jav
a:71)
	at org.gradle.tool
ing.internal.provid
er.FileSystemWatchi
ngBuildActionRunner
.run(FileSystemWatc
hingBuildActionRunn
er.java:135)
	at org.gradle.laun
cher.exec.BuildComp
letionNotifyingBuil
dActionRunner.run(B
uildCompletionNotif
yingBuildActionRunn
er.java:41)
	at org.gradle.laun
cher.exec.RootBuild
LifecycleBuildActio
nExecutor.lambda$ex
ecute$0(RootBuildLi
fecycleBuildActionE
xecutor.java:54)
	at org.gradle.comp
osite.internal.Defa
ultRootBuildState.r
un(DefaultRootBuild
State.java:130)
	at org.gradle.laun
cher.exec.RootBuild
LifecycleBuildActio
nExecutor.execute(R
ootBuildLifecycleBu
ildActionExecutor.j
ava:54)
	at org.gradle.inte
rnal.buildtree.Init
DeprecationLoggingA
ctionExecutor.execu
te(InitDeprecationL
oggingActionExecuto
r.java:62)
	at org.gradle.inte
rnal.buildtree.Init
Problems.execute(In
itProblems.java:36)
	at org.gradle.inte
rnal.buildtree.Defa
ultBuildTreeContext
.execute(DefaultBui
ldTreeContext.java:
40)
	at org.gradle.laun
cher.exec.BuildTree
LifecycleBuildActio
nExecutor.lambda$ex
ecute$0(BuildTreeLi
fecycleBuildActionE
xecutor.java:71)
	at org.gradle.inte
rnal.buildtree.Buil
dTreeState.run(Buil
dTreeState.java:60)
	at org.gradle.laun
cher.exec.BuildTree
LifecycleBuildActio
nExecutor.execute(B
uildTreeLifecycleBu
ildActionExecutor.j
ava:71)
	at org.gradle.laun
cher.exec.RunAsBuil
dOperationBuildActi
onExecutor$2.call(R
unAsBuildOperationB
uildActionExecutor.
java:67)
	at org.gradle.laun
cher.exec.RunAsBuil
dOperationBuildActi
onExecutor$2.call(R
unAsBuildOperationB
uildActionExecutor.
java:63)
	at org.gradle.inte
rnal.operations.Def
aultBuildOperationR
unner$CallableBuild
OperationWorker.exe
cute(DefaultBuildOp
erationRunner.java:
210)
	at org.gradle.inte
rnal.operations.Def
aultBuildOperationR
unner$CallableBuild
OperationWorker.exe
cute(DefaultBuildOp
erationRunner.java:
205)
	at org.gradle.inte
rnal.operations.Def
aultBuildOperationR
unner$2.execute(Def
aultBuildOperationR
unner.java:67)
	at org.gradle.inte
rnal.operations.Def
aultBuildOperationR
unner$2.execute(Def
aultBuildOperationR
unner.java:60)
	at org.gradle.inte
rnal.operations.Def
aultBuildOperationR
unner.execute(Defau
ltBuildOperationRun
ner.java:167)
	at org.gradle.inte
rnal.operations.Def
aultBuildOperationR
unner.execute(Defau
ltBuildOperationRun
ner.java:60)
	at org.gradle.inte
rnal.operations.Def
aultBuildOperationR
unner.call(DefaultB
uildOperationRunner
.java:54)
	at org.gradle.laun
cher.exec.RunAsBuil
dOperationBuildActi
onExecutor.execute(
RunAsBuildOperation
BuildActionExecutor
.java:63)
	at org.gradle.laun
cher.exec.RunAsWork
erThreadBuildAction
Executor.lambda$exe
cute$0(RunAsWorkerT
hreadBuildActionExe
cutor.java:36)
	at org.gradle.inte
rnal.work.DefaultWo
rkerLeaseService.wi
thLocks(DefaultWork
erLeaseService.java
:263)
	at org.gradle.inte
rnal.work.DefaultWo
rkerLeaseService.ru
nAsWorkerThread(Def
aultWorkerLeaseServ
ice.java:127)
	at org.gradle.laun
cher.exec.RunAsWork
erThreadBuildAction
Executor.execute(Ru
nAsWorkerThreadBuil
dActionExecutor.jav
a:36)
	at org.gradle.tool
ing.internal.provid
er.continuous.Conti
nuousBuildActionExe
cutor.execute(Conti
nuousBuildActionExe
cutor.java:110)
	at org.gradle.tool
ing.internal.provid
er.SubscribableBuil
dActionExecutor.exe
cute(SubscribableBu
ildActionExecutor.j
ava:64)
	at org.gradle.inte
rnal.session.Defaul
tBuildSessionContex
t.execute(DefaultBu
ildSessionContext.j
ava:46)
	at org.gradle.inte
rnal.buildprocess.e
xecution.BuildSessi
onLifecycleBuildAct
ionExecutor$ActionI
mpl.apply(BuildSess
ionLifecycleBuildAc
tionExecutor.java:9
2)
	at org.gradle.inte
rnal.buildprocess.e
xecution.BuildSessi
onLifecycleBuildAct
ionExecutor$ActionI
mpl.apply(BuildSess
ionLifecycleBuildAc
tionExecutor.java:8
0)
	at org.gradle.inte
rnal.session.BuildS
essionState.run(Bui
ldSessionState.java
:73)
	at org.gradle.inte
rnal.buildprocess.e
xecution.BuildSessi
onLifecycleBuildAct
ionExecutor.execute
(BuildSessionLifecy
cleBuildActionExecu
tor.java:62)
	at org.gradle.inte
rnal.buildprocess.e
xecution.BuildSessi
onLifecycleBuildAct
ionExecutor.execute
(BuildSessionLifecy
cleBuildActionExecu
tor.java:41)
	at org.gradle.inte
rnal.buildprocess.e
xecution.StartParam
sValidatingActionEx
ecutor.execute(Star
tParamsValidatingAc
tionExecutor.java:6
4)
	at org.gradle.inte
rnal.buildprocess.e
xecution.StartParam
sValidatingActionEx
ecutor.execute(Star
tParamsValidatingAc
tionExecutor.java:3
2)
	at org.gradle.inte
rnal.buildprocess.e
xecution.SessionFai
lureReportingAction
Executor.execute(Se
ssionFailureReporti
ngActionExecutor.ja
va:51)
	at org.gradle.inte
rnal.buildprocess.e
xecution.SessionFai
lureReportingAction
Executor.execute(Se
ssionFailureReporti
ngActionExecutor.ja
va:39)
	at org.gradle.inte
rnal.buildprocess.e
xecution.SetupLoggi
ngActionExecutor.ex
ecute(SetupLoggingA
ctionExecutor.java:
47)
	at org.gradle.inte
rnal.buildprocess.e
xecution.SetupLoggi
ngActionExecutor.ex
ecute(SetupLoggingA
ctionExecutor.java:
31)
	at org.gradle.laun
cher.daemon.server.
exec.ExecuteBuild.d
oBuild(ExecuteBuild
.java:70)
	at org.gradle.laun
cher.daemon.server.
exec.BuildCommandOn
ly.execute(BuildCom
mandOnly.java:37)
	at org.gradle.laun
cher.daemon.server.
api.DaemonCommandEx
ecution.proceed(Dae
monCommandExecution
.java:104)
	at org.gradle.laun
cher.daemon.server.
exec.WatchForDiscon
nection.execute(Wat
chForDisconnection.
java:39)
	at org.gradle.laun
cher.daemon.server.
api.DaemonCommandEx
ecution.proceed(Dae
monCommandExecution
.java:104)
	at org.gradle.laun
cher.daemon.server.
exec.ResetDeprecati
onLogger.execute(Re
setDeprecationLogge
r.java:29)
	at org.gradle.laun
cher.daemon.server.
api.DaemonCommandEx
ecution.proceed(Dae
monCommandExecution
.java:104)
	at org.gradle.laun
cher.daemon.server.
exec.RequestStopIfS
ingleUsedDaemon.exe
cute(RequestStopIfS
ingleUsedDaemon.jav
a:35)
	at org.gradle.laun
cher.daemon.server.
api.DaemonCommandEx
ecution.proceed(Dae
monCommandExecution
.java:104)
	at org.gradle.laun
cher.daemon.server.
exec.ForwardClientI
nput.lambda$execute
$0(ForwardClientInp
ut.java:40)
	at org.gradle.inte
rnal.daemon.clienti
nput.ClientInputFor
warder.forwardInput
(ClientInputForward
er.java:80)
	at org.gradle.laun
cher.daemon.server.
exec.ForwardClientI
nput.execute(Forwar
dClientInput.java:3
7)
	at org.gradle.laun
cher.daemon.server.
api.DaemonCommandEx
ecution.proceed(Dae
monCommandExecution
.java:104)
	at org.gradle.laun
cher.daemon.server.
exec.LogAndCheckHea
lth.execute(LogAndC
heckHealth.java:64)
	at org.gradle.laun
cher.daemon.server.
api.DaemonCommandEx
ecution.proceed(Dae
monCommandExecution
.java:104)
	at org.gradle.laun
cher.daemon.server.
exec.LogToClient.do
Build(LogToClient.j
ava:63)
	at org.gradle.laun
cher.daemon.server.
exec.BuildCommandOn
ly.execute(BuildCom
mandOnly.java:37)
	at org.gradle.laun
cher.daemon.server.
api.DaemonCommandEx
ecution.proceed(Dae
monCommandExecution
.java:104)
	at org.gradle.laun
cher.daemon.server.
exec.EstablishBuild
Environment.doBuild
(EstablishBuildEnvi
ronment.java:84)
	at org.gradle.laun
cher.daemon.server.
exec.BuildCommandOn
ly.execute(BuildCom
mandOnly.java:37)
	at org.gradle.laun
cher.daemon.server.
api.DaemonCommandEx
ecution.proceed(Dae
monCommandExecution
.java:104)
	at org.gradle.laun
cher.daemon.server.
exec.StartBuildOrRe
spondWithBusy$1.run
(StartBuildOrRespon
dWithBusy.java:52)
	at org.gradle.laun
cher.daemon.server.
DaemonStateCoordina
tor.lambda$runComma
nd$0(DaemonStateCoo
rdinator.java:321)
	at org.gradle.inte
rnal.concurrent.Exe
cutorPolicy$CatchAn
dRecordFailures.onE
xecute(ExecutorPoli
cy.java:64)
	at org.gradle.inte
rnal.concurrent.Abs
tractManagedExecuto
r$1.run(AbstractMan
agedExecutor.java:4
8)


BUILD FAILED in 1s
